// Jest Snapshot v1, https://goo.gl/fbAQLP

exports[`StaticAutoComplete should match snapshot 1`] = `
<StaticAutoComplete
  prefix="static-prefix"
  suggestions={
    Array [
      "one",
      "two",
      "three",
    ]
  }
>
  <AutoComplete
    dataProvider={
      StaticDataProvider {
        "suggestions": Array [
          "one",
          "two",
          "three",
        ],
        "valuePath": undefined,
      }
    }
    prefix="static-prefix"
  >
    <styled.div
      onBlur={[Function]}
      role="application"
    >
      <div
        className="sc-EHOje biasAP"
        onBlur={[Function]}
        role="application"
      >
        <InputText
          aria-activedescendant=""
          aria-autocomplete="list"
          aria-describedby="static-prefix-autocomplete-error"
          aria-expanded={false}
          aria-invalid={false}
          aria-owns="suggestions_static-prefix"
          id="static-prefix-autocomplete"
          label=""
          onChange={[Function]}
          onKeyDown={[Function]}
          role="combobox"
          setInputRef={[Function]}
          value=""
        >
          <div>
            <styled.label
              hasError={false}
              htmlFor="static-prefix-autocomplete"
              theme={
                Object {
                  "color": Object {
                    "color": "#333",
                    "errorColor": "#9f173f",
                  },
                }
              }
            >
              <label
                className="sc-bdVaJa bHemEh"
                htmlFor="static-prefix-autocomplete"
              />
            </styled.label>
            <br />
            <styled.input
              hasError={false}
              id="static-prefix-autocomplete"
              innerRef={[Function]}
              onBlur={[Function]}
              onChange={[Function]}
              onKeyDown={[Function]}
              placeholder=""
              theme={
                Object {
                  "color": Object {
                    "borderColor": "#9e9e9e",
                    "errorColor": "#9f173f",
                  },
                }
              }
              type="text"
              value=""
            >
              <input
                className="sc-bwzfXH rSjzs"
                id="static-prefix-autocomplete"
                onBlur={[Function]}
                onChange={[Function]}
                onKeyDown={[Function]}
                placeholder=""
                type="text"
                value=""
              />
            </styled.input>
            <styled.div
              theme={
                Object {
                  "color": Object {
                    "errorColor": "red",
                  },
                }
              }
            >
              <div
                className="sc-ifAKCX jZhHpk"
              />
            </styled.div>
          </div>
        </InputText>
        <div
          id="static-prefix-autocomplete-error"
        />
        <styled.div
          aria-live="polite"
        >
          <div
            aria-live="polite"
            className="sc-bxivhb iekoAy"
          />
        </styled.div>
      </div>
    </styled.div>
  </AutoComplete>
</StaticAutoComplete>
`;
