// Jest Snapshot v1, https://goo.gl/fbAQLP

exports[`InputText should match snapshot 1`] = `
<InputText
  id="1234567890"
  label="The label"
>
  <styled.div>
    <div
      className="sc-iwsKbI hqgBrh"
    >
      <styled.label
        hasError={false}
        htmlFor="1234567890"
        theme={
          Object {
            "color": Object {
              "color": "#333333",
              "error": "#9f173f",
            },
          }
        }
      >
        <label
          className="sc-bdVaJa CyGsO"
          htmlFor="1234567890"
        >
          The label
        </label>
      </styled.label>
      <styled.input
        hasError={false}
        id="1234567890"
        innerRef={[Function]}
        onBlur={[Function]}
        onChange={[Function]}
        onKeyDown={[Function]}
        placeholder=""
        theme={
          Object {
            "color": Object {
              "active": "#333333",
              "border": "#333333",
              "color": "#333333",
              "disabled": "#acacac",
              "error": "#9f173f",
              "focus": "#333333",
            },
          }
        }
        type="text"
        value=""
      >
        <input
          className="sc-bxivhb kxesp"
          id="1234567890"
          onBlur={[Function]}
          onChange={[Function]}
          onKeyDown={[Function]}
          placeholder=""
          type="text"
          value=""
        />
      </styled.input>
      <styled.div
        hasError={false}
        theme={
          Object {
            "color": Object {
              "error": "#9f173f",
            },
          }
        }
      >
        <div
          className="sc-jzJRlG jhccRS"
        />
      </styled.div>
    </div>
  </styled.div>
</InputText>
`;
