// Jest Snapshot v1, https://goo.gl/fbAQLP

exports[`SelectField props should match snapshot 1`] = `
<Select
  id="some-id"
  label="Some error message."
  options={
    Array [
      Object {
        "display": "Test Display",
        "value": "Test Value",
      },
    ]
  }
  placeholder="Please select"
>
  <styled.div>
    <div
      className="sc-gzVnrw kDUAmj"
    >
      <styled.label
        hasError={false}
        htmlFor="some-id"
        theme={
          Object {
            "color": Object {
              "color": "#333",
              "errorColor": "#9f173f",
            },
          }
        }
      >
        <label
          className="sc-bdVaJa dWyWPR"
          htmlFor="some-id"
        >
          Some error message.
        </label>
      </styled.label>
      <styled.select
        hasError={false}
        id="some-id"
        innerRef={[Function]}
        onBlur={[Function]}
        onChange={[Function]}
        theme={
          Object {
            "color": Object {
              "borderColor": "#9e9e9e",
              "errorColor": "#9f173f",
            },
          }
        }
        value=""
      >
        <select
          className="sc-bZQynM gHiYcJ"
          id="some-id"
          onBlur={[Function]}
          onChange={[Function]}
          value=""
        >
          <option
            value=""
          >
            Please select
          </option>
          <option
            key="0"
            value="Test Value"
          >
            Test Display
          </option>
        </select>
      </styled.select>
      <styled.div
        theme={
          Object {
            "color": Object {
              "errorColor": "red",
            },
          }
        }
      >
        <div
          className="sc-gqjmRU gsDxgu"
        />
      </styled.div>
    </div>
  </styled.div>
</Select>
`;
